NeoForge 26.3.0.41-beta / MDG 2.0.148 / commit 5e89ff016a1bc68590869a2f9c0988a762b5f287
To honour the JVM settings for this build a single-use Daemon process will be forked. For more on this, please refer to https://docs.gradle.org/9.8.0/userguide/gradle_daemon.html#sec:disabling_the_daemon in the Gradle documentation.
Daemon will be stopped at the end of the build 

> Configure project :
Creating Minecraft artifacts without recompilation.

> Task :createMinecraftArtifacts
Loaded 135 artifacts from /home/runner/work/hxh/hxh/build/tmp/createMinecraftArtifacts/nfrt_artifact_manifest.properties
[1m*** Started working on [4mdownloadManifest[23;0m[23;0m
  ↓ https://piston-meta.mojang.com/mc/game/version_manifest_v2.json
 [1m[92m✓[23;0m Completed [4mdownloadManifest[23;0m in 0.52s
[1m*** Started working on [4mdownloadJson[23;0m[23;0m
 [1m[92m✓[23;0m Completed [4mdownloadJson[23;0m in 0.00s
[1m*** Started working on [4mdownloadServer[23;0m[23;0m
[1m*** Started working on [4mdownloadClient[23;0m[23;0m
 [1m[92m✓[23;0m Completed [4mdownloadServer[23;0m in 0.04s
 [1m[92m✓[23;0m Completed [4mdownloadClient[23;0m in 0.04s
[1m*** Started working on [4mpreProcessJar[23;0m[23;0m
 [1m[92m♻[23;0m Used cache of [4mpreProcessJar[23;0m in 0.00s
[1m*** Started working on [4mbinaryPatch[23;0m[23;0m
 [1m[92m♻[23;0m Used cache of [4mbinaryPatch[23;0m in 0.00s
[1m*** Started working on [4mcopyUnpatchedClasses[23;0m[23;0m
 [1m[92m♻[23;0m Used cache of [4mcopyUnpatchedClasses[23;0m in 0.00s
[1m*** Started working on [4mapplyDevTransforms[23;0m[23;0m
 [1m[92m♻[23;0m Used cache of [4mapplyDevTransforms[23;0m in 0.00s
Total runtime: 1.74s


> Task :compileJava
Note: /home/runner/work/hxh/hxh/src/main/java/com/maxence/hxh/network/SpendPointPayload.java uses or overrides a deprecated API.
Note: Recompile with -Xlint:deprecation for details.

> Task :processResources
> Task :classes
> Task :jarJar NO-SOURCE
> Task :jar
> Task :assemble
> Task :compileTestJava NO-SOURCE
> Task :processTestResources NO-SOURCE
> Task :testClasses UP-TO-DATE
> Task :test NO-SOURCE
> Task :check UP-TO-DATE
> Task :build
gradle/actions: Writing build results to /home/runner/work/_temp/.gradle-actions/build-results/__run_2-1790951808751.json

[Incubating] Problems report is available at: file:///home/runner/work/hxh/hxh/build/reports/problems/problems-report.html

BUILD SUCCESSFUL in 24s
4 actionable tasks: 4 executed
Consider enabling configuration cache to speed up this build: https://docs.gradle.org/9.8.0/userguide/configuration_cache_enabling.html
