[02Oct2026 14:37:14.118] [main/INFO] [net.neoforged.fml.startup.Entrypoint/]: JVM Uptime at startup: 106ms
[02Oct2026 14:37:14.135] [main/INFO] [net.neoforged.fml.loading.FMLLoader/]: Starting FancyModLoader version 12.0.8 (DEDICATED_SERVER in DEV)
[02Oct2026 14:37:14.135] [main/INFO] [net.neoforged.fml.loading.FMLLoader/]: Game directory: /home/runner/work/hxh/hxh/run
[02Oct2026 14:37:14.183] [main/INFO] [net.neoforged.fml.loading.EarlyServiceDiscovery/]: Found 2 early service jars (out of 98) in 20ms
[02Oct2026 14:37:14.184] [main/INFO] [net.neoforged.fml.loading.FMLLoader/]: Loading FML Early Services:
[02Oct2026 14:37:14.185] [main/INFO] [net.neoforged.fml.loading.FMLLoader/]:  - /home/runner/.gradle/caches/modules-2/files-2.1/net.neoforged.fancymodloader/loader/12.0.8/176019d74cae7a468f2069ffc3c924f6a6f70a63/loader-12.0.8.jar
[02Oct2026 14:37:14.185] [main/INFO] [net.neoforged.fml.loading.FMLLoader/]:  - /home/runner/.gradle/caches/modules-2/files-2.1/net.neoforged.fancymodloader/earlydisplay/12.0.8/efc16b2939a51b13aaeb500eff4caa82f2ac9d08/earlydisplay-12.0.8.jar
[02Oct2026 14:37:14.191] [main/INFO] [net.neoforged.fml.loading.ImmediateWindowHandler/]: Not loading early display in headless mode.
[02Oct2026 14:37:14.238] [main/INFO] [net.neoforged.fml.loading.moddiscovery.locators.GameLocator/]: Detected a joined NeoForge and Minecraft configuration. Applying filtering...
[02Oct2026 14:37:14.358] [main/INFO] [net.neoforged.fml.loading.moddiscovery.locators.InDevFolderLocator/CORE]: Got mod coordinates hxh%%/home/runner/work/hxh/hxh/build/classes/java/main:hxh%%/home/runner/work/hxh/hxh/build/resources/main from env
[02Oct2026 14:37:14.505] [main/INFO] [net.neoforged.fml.loading.moddiscovery.locators.JarInJarDependencyLocator/]: Found 2 dependencies adding them to mods collection
[02Oct2026 14:37:14.509] [main/INFO] [net.neoforged.fml.loading.moddiscovery.ModDiscoverer/]: 
     Mod List:
		Name Version (Mod Id)

		Hunter x Hunter : Nen 0.1.0 (hxh)
		Minecraft 26.3 (minecraft)
		NeoForge 26.3.0.41-beta (neoforge)
[02Oct2026 14:37:14.860] [main/INFO] [mixin/]: SpongePowered MIXIN Subsystem Version=0.8.7 Source=file:/home/runner/.gradle/caches/modules-2/files-2.1/net.fabricmc/sponge-mixin/0.17.4+mixin.0.8.7/5f66cc9f59b8efaa942155a3d5a30599bf6640dd/sponge-mixin-0.17.4+mixin.0.8.7.jar Service=FML Env=SERVER
[02Oct2026 14:37:14.891] [main/INFO] [net.neoforged.fml.loading.FMLLoader/]: Loading FML Plugins:
[02Oct2026 14:37:14.893] [main/INFO] [net.neoforged.fml.loading.FMLLoader/]:  - /home/runner/.gradle/caches/modules-2/files-2.1/net.neoforged/neoforge/26.3.0.41-beta/da46818ee56a495ce5fb1db33e22c369a7eb5677/neoforge-26.3.0.41-beta-universal.jar > net.neoforged.neoforge-coremods-26.3.0.41-beta.jar
[02Oct2026 14:37:15.031] [main/INFO] [net.neoforged.fml.loading.FMLLoader/]: Building game content classloader:
 - hxh (composite(folder(/home/runner/work/hxh/hxh/build/classes/java/main), folder(/home/runner/work/hxh/hxh/build/resources/main)))
 - minecraft (composite(filtered(jar(/home/runner/work/hxh/hxh/build/moddev/artifacts/minecraft-patched-26.3.0.41-beta.jar)), filtered(jar(/home/runner/work/hxh/hxh/build/moddev/artifacts/minecraft-patched-26.3.0.41-beta.jar))))
 - mixinextras.neoforge (jar(/home/runner/.gradle/caches/modules-2/files-2.1/net.neoforged/neoforge/26.3.0.41-beta/da46818ee56a495ce5fb1db33e22c369a7eb5677/neoforge-26.3.0.41-beta-universal.jar > mixinextras-neoforge-0.5.5.jar))
 - neoforge (composite(filtered(jar(/home/runner/.gradle/caches/modules-2/files-2.1/net.neoforged/neoforge/26.3.0.41-beta/da46818ee56a495ce5fb1db33e22c369a7eb5677/neoforge-26.3.0.41-beta-universal.jar))))
 - net.neoforged.fml.generated (empty(VirtualJar/net.neoforged.fml.generated))
[02Oct2026 14:37:15.047] [main/INFO] [net.neoforged.fml.loading.FMLLoader/]: Built game content classloader in 27ms
[02Oct2026 14:37:15.485] [main/INFO] [net.minecraft.gametest.framework.GameTestMainUtil/]: Running GameTestMain with cwd '/home/runner/work/hxh/hxh/run', universe path 'gametestserver'
[02Oct2026 14:37:15.520] [main/INFO] [MixinExtras|Service/]: Initializing MixinExtras via com.llamalad7.mixinextras.service.MixinExtrasServiceImpl(version=0.5.5).
[02Oct2026 14:37:21.258] [modloading-worker-0/INFO] [net.neoforged.neoforge.common.NeoForgeMod/NEOFORGE-MOD]: NeoForge mod loading, version 26.3.0.41-beta, for MC 26.3
[02Oct2026 14:37:21.269] [modloading-worker-0/INFO] [com.maxence.hxh.HxHMod/]: [HxH] Le Nen s'éveille.
[02Oct2026 14:37:23.894] [Worker-Main-1/INFO] [net.minecraft.advancements.AdvancementTree/]: Loaded 1866 advancements
[02Oct2026 14:37:24.066] [main/INFO] [net.neoforged.neoforge.common.crafting.RecipePriorityManager/]: Loaded 0 recipe priority overrides
[02Oct2026 14:37:24.490] [Server thread/INFO] [net.minecraft.server.level.progress.LoggingLevelLoadListener/]: Selecting global world spawn...
[02Oct2026 14:37:25.073] [Server thread/INFO] [net.minecraft.server.level.progress.LoggingLevelLoadListener/]: Loading 0 persistent chunks...
[02Oct2026 14:37:25.074] [Server thread/INFO] [net.minecraft.server.level.progress.LoggingLevelLoadListener/]: Preparing spawn area: 100%
[02Oct2026 14:37:25.076] [Server thread/INFO] [net.minecraft.server.level.progress.LoggingLevelLoadListener/]: Time elapsed: 586 ms
[02Oct2026 14:37:25.084] [Server thread/INFO] [net.minecraft.gametest.framework.GameTestServer/]: Started game test server
[02Oct2026 14:37:25.114] [Server thread/INFO] [net.neoforged.neoforge.server.permission.PermissionAPI/]: Successfully initialized permission handler neoforge:default_handler
[02Oct2026 14:37:25.164] [Server thread/INFO] [net.minecraft.gametest.framework.GameTestServer/]: 1 tests are now running at position 8836291, 4, 5052778!
[02Oct2026 14:37:25.516] [Server thread/INFO] [net.minecraft.gametest.framework.GameTestRunner/]: Running test environment 'minecraft:default' batch 0 (1 tests)...
[02Oct2026 14:37:25.700] [Server thread/INFO] [net.minecraft.gametest.framework.GameTestServer/]: [ ]
[02Oct2026 14:37:25.715] [Server thread/INFO] [net.minecraft.gametest.framework.GameTestServer/]: [ ]
[02Oct2026 14:37:25.730] [Server thread/INFO] [net.minecraft.gametest.framework.GameTestServer/]: [ ]
[02Oct2026 14:37:25.745] [Server thread/INFO] [net.minecraft.gametest.framework.GameTestServer/]: [ ]
[02Oct2026 14:37:25.757] [Server thread/INFO] [net.minecraft.gametest.framework.GameTestServer/]: [ ]
[02Oct2026 14:37:25.769] [Server thread/INFO] [net.minecraft.gametest.framework.GameTestServer/]: [ ]
[02Oct2026 14:37:25.781] [Server thread/INFO] [net.minecraft.gametest.framework.GameTestServer/]: [ ]
[02Oct2026 14:37:25.793] [Server thread/INFO] [net.minecraft.gametest.framework.GameTestServer/]: [ ]
[02Oct2026 14:37:25.805] [Server thread/INFO] [net.minecraft.gametest.framework.GameTestServer/]: [ ]
[02Oct2026 14:37:25.815] [Server thread/INFO] [net.minecraft.gametest.framework.GameTestServer/]: [ ]
[02Oct2026 14:37:25.823] [Server thread/INFO] [net.minecraft.gametest.framework.GameTestServer/]: [ ]
[02Oct2026 14:37:25.867] [Server thread/INFO] [net.minecraft.gametest.framework.GameTestServer/]: [ ]
[02Oct2026 14:37:25.876] [Server thread/INFO] [net.minecraft.gametest.framework.GameTestServer/]: [ ]
[02Oct2026 14:37:25.884] [Server thread/INFO] [net.minecraft.gametest.framework.GameTestServer/]: [ ]
[02Oct2026 14:37:25.897] [Server thread/INFO] [net.minecraft.gametest.framework.GameTestServer/]: [ ]
[02Oct2026 14:37:25.903] [Server thread/INFO] [net.minecraft.gametest.framework.GameTestServer/]: [ ]
[02Oct2026 14:37:25.916] [Server thread/INFO] [net.minecraft.gametest.framework.GameTestServer/]: [ ]
[02Oct2026 14:37:25.927] [Server thread/INFO] [net.minecraft.gametest.framework.GameTestServer/]: [ ]
[02Oct2026 14:37:25.934] [Server thread/INFO] [net.minecraft.gametest.framework.GameTestServer/]: [ ]
[02Oct2026 14:37:25.943] [Server thread/INFO] [net.minecraft.gametest.framework.GameTestServer/]: [ ]
[02Oct2026 14:37:25.950] [Server thread/INFO] [net.minecraft.gametest.framework.GameTestServer/]: [ ]
[02Oct2026 14:37:25.956] [Server thread/INFO] [net.minecraft.gametest.framework.GameTestServer/]: [ ]
[02Oct2026 14:37:25.962] [Server thread/INFO] [net.minecraft.gametest.framework.GameTestServer/]: [ ]
[02Oct2026 14:37:25.965] [Server thread/INFO] [net.minecraft.gametest.framework.GameTestServer/]: [ ]
[02Oct2026 14:37:25.969] [Server thread/INFO] [net.minecraft.gametest.framework.GameTestServer/]: [ ]
[02Oct2026 14:37:25.977] [Server thread/INFO] [net.minecraft.gametest.framework.GameTestServer/]: [ ]
[02Oct2026 14:37:25.980] [Server thread/INFO] [net.minecraft.gametest.framework.GameTestServer/]: [ ]
[02Oct2026 14:37:25.983] [Server thread/INFO] [net.minecraft.gametest.framework.GameTestServer/]: [ ]
[02Oct2026 14:37:25.986] [Server thread/INFO] [net.minecraft.gametest.framework.GameTestServer/]: [ ]
[02Oct2026 14:37:25.990] [Server thread/INFO] [net.minecraft.gametest.framework.GameTestServer/]: [ ]
[02Oct2026 14:37:26.010] [Server thread/INFO] [net.minecraft.gametest.framework.GameTestServer/]: [ ]
[02Oct2026 14:37:26.017] [Server thread/INFO] [net.minecraft.gametest.framework.GameTestServer/]: [ ]
[02Oct2026 14:37:26.024] [Server thread/INFO] [net.minecraft.gametest.framework.GameTestServer/]: [ ]
[02Oct2026 14:37:26.029] [Server thread/INFO] [net.minecraft.gametest.framework.GameTestServer/]: [ ]
[02Oct2026 14:37:26.032] [Server thread/INFO] [net.minecraft.gametest.framework.GameTestServer/]: [ ]
[02Oct2026 14:37:26.058] [Server thread/INFO] [net.minecraft.gametest.framework.GameTestServer/]: [+]
[02Oct2026 14:37:26.060] [Server thread/INFO] [net.minecraft.gametest.framework.GameTestServer/]: ========= 1 GAME TESTS COMPLETE IN 894.3 ms ======================
[02Oct2026 14:37:26.061] [Server thread/INFO] [net.minecraft.gametest.framework.GameTestServer/]: All 1 required tests passed :)
[02Oct2026 14:37:26.061] [Server thread/INFO] [net.minecraft.gametest.framework.GameTestServer/]: ====================================================
[02Oct2026 14:37:26.073] [Server thread/INFO] [net.minecraft.server.MinecraftServer/]: Stopping server
[02Oct2026 14:37:26.073] [Server thread/INFO] [net.minecraft.server.MinecraftServer/]: Saving players
[02Oct2026 14:37:26.074] [Server thread/INFO] [net.minecraft.server.MinecraftServer/]: Saving worlds
[02Oct2026 14:37:26.289] [Server thread/INFO] [net.minecraft.server.MinecraftServer/]: Saving chunks for level 'ServerLevel[Test Level]'/minecraft:overworld
[02Oct2026 14:37:27.076] [Server thread/INFO] [net.minecraft.server.MinecraftServer/]: Saving chunks for level 'ServerLevel[Test Level]'/minecraft:the_nether
[02Oct2026 14:37:27.080] [Server thread/INFO] [net.minecraft.server.MinecraftServer/]: Saving chunks for level 'ServerLevel[Test Level]'/minecraft:the_end
[02Oct2026 14:37:27.114] [Server thread/INFO] [net.minecraft.gametest.framework.GameTestServer/]: Game test server shutting down
