To honour the JVM settings for this build a single-use Daemon process will be forked. For more on this, please refer to https://docs.gradle.org/9.8.0/userguide/gradle_daemon.html#sec:disabling_the_daemon in the Gradle documentation.
Daemon will be stopped at the end of the build 

> Configure project :
Creating Minecraft artifacts without recompilation.

> Task :createMinecraftArtifacts UP-TO-DATE
> Task :compileJava UP-TO-DATE
> Task :processResources UP-TO-DATE
> Task :classes UP-TO-DATE

> Task :downloadAssets
Loaded 135 artifacts from /home/runner/work/hxh/hxh/build/tmp/downloadAssets/nfrt_artifact_manifest.properties
Downloading asset index 34
Using Minecraft asset root: /home/runner/.gradle/caches/neoformruntime/assets
  ↓ https://piston-meta.mojang.com/v1/packages/abfaa525f923f807df8b4e4d29c1b5e3a104adbe/34.json

> Task :prepareGameTestServerRun

> Task :runGameTestServer
2026-10-02T14:37:13.942442470Z main WARN Advanced terminal features are not available in this environment
[14:37:14] [main/INFO] [ne.ne.fm.st.Entrypoint/]: JVM Uptime at startup: 106ms
[14:37:14] [main/INFO] [ne.ne.fm.lo.FMLLoader/]: Starting FancyModLoader version 12.0.8 (DEDICATED_SERVER in DEV)
[14:37:14] [main/INFO] [ne.ne.fm.lo.FMLLoader/]: Game directory: /home/runner/work/hxh/hxh/run
[14:37:14] [main/INFO] [ne.ne.fm.lo.EarlyServiceDiscovery/]: Found 2 early service jars (out of 98) in 20ms
[14:37:14] [main/INFO] [ne.ne.fm.lo.FMLLoader/]: Loading FML Early Services:
[14:37:14] [main/INFO] [ne.ne.fm.lo.FMLLoader/]:  - /home/runner/.gradle/caches/modules-2/files-2.1/net.neoforged.fancymodloader/loader/12.0.8/176019d74cae7a468f2069ffc3c924f6a6f70a63/loader-12.0.8.jar
[14:37:14] [main/INFO] [ne.ne.fm.lo.FMLLoader/]:  - /home/runner/.gradle/caches/modules-2/files-2.1/net.neoforged.fancymodloader/earlydisplay/12.0.8/efc16b2939a51b13aaeb500eff4caa82f2ac9d08/earlydisplay-12.0.8.jar
[14:37:14] [main/INFO] [ne.ne.fm.lo.ImmediateWindowHandler/]: Not loading early display in headless mode.
[14:37:14] [main/INFO] [ne.ne.fm.lo.mo.lo.GameLocator/]: Detected a joined NeoForge and Minecraft configuration. Applying filtering...
[14:37:14] [main/INFO] [ne.ne.fm.lo.mo.lo.InDevFolderLocator/CORE]: Got mod coordinates hxh%%/home/runner/work/hxh/hxh/build/classes/java/main:hxh%%/home/runner/work/hxh/hxh/build/resources/main from env
[14:37:14] [main/INFO] [ne.ne.fm.lo.mo.lo.JarInJarDependencyLocator/]: Found 2 dependencies adding them to mods collection
[14:37:14] [main/INFO] [ne.ne.fm.lo.mo.ModDiscoverer/]: 
     Mod List:
		Name Version (Mod Id)

		Hunter x Hunter : Nen 0.1.0 (hxh)
		Minecraft 26.3 (minecraft)
		NeoForge 26.3.0.41-beta (neoforge)
[14:37:14] [main/INFO] [mixin/]: SpongePowered MIXIN Subsystem Version=0.8.7 Source=file:/home/runner/.gradle/caches/modules-2/files-2.1/net.fabricmc/sponge-mixin/0.17.4+mixin.0.8.7/5f66cc9f59b8efaa942155a3d5a30599bf6640dd/sponge-mixin-0.17.4+mixin.0.8.7.jar Service=FML Env=SERVER
[14:37:14] [main/INFO] [ne.ne.fm.lo.FMLLoader/]: Loading FML Plugins:
[14:37:14] [main/INFO] [ne.ne.fm.lo.FMLLoader/]:  - /home/runner/.gradle/caches/modules-2/files-2.1/net.neoforged/neoforge/26.3.0.41-beta/da46818ee56a495ce5fb1db33e22c369a7eb5677/neoforge-26.3.0.41-beta-universal.jar > net.neoforged.neoforge-coremods-26.3.0.41-beta.jar
[14:37:15] [main/INFO] [ne.ne.fm.lo.FMLLoader/]: Building game content classloader:
 - hxh (composite(folder(/home/runner/work/hxh/hxh/build/classes/java/main), folder(/home/runner/work/hxh/hxh/build/resources/main)))
 - minecraft (composite(filtered(jar(/home/runner/work/hxh/hxh/build/moddev/artifacts/minecraft-patched-26.3.0.41-beta.jar)), filtered(jar(/home/runner/work/hxh/hxh/build/moddev/artifacts/minecraft-patched-26.3.0.41-beta.jar))))
 - mixinextras.neoforge (jar(/home/runner/.gradle/caches/modules-2/files-2.1/net.neoforged/neoforge/26.3.0.41-beta/da46818ee56a495ce5fb1db33e22c369a7eb5677/neoforge-26.3.0.41-beta-universal.jar > mixinextras-neoforge-0.5.5.jar))
 - neoforge (composite(filtered(jar(/home/runner/.gradle/caches/modules-2/files-2.1/net.neoforged/neoforge/26.3.0.41-beta/da46818ee56a495ce5fb1db33e22c369a7eb5677/neoforge-26.3.0.41-beta-universal.jar))))
 - net.neoforged.fml.generated (empty(VirtualJar/net.neoforged.fml.generated))
[14:37:15] [main/INFO] [ne.ne.fm.lo.FMLLoader/]: Built game content classloader in 27ms
[14:37:15] [main/INFO] [minecraft/GameTestMainUtil]: Running GameTestMain with cwd '/home/runner/work/hxh/hxh/run', universe path 'gametestserver'
[14:37:15] [main/INFO] [MixinExtras|Service/]: Initializing MixinExtras via com.llamalad7.mixinextras.service.MixinExtrasServiceImpl(version=0.5.5).
[14:37:21] [modloading-worker-0/INFO] [ne.ne.ne.co.NeoForgeMod/NEOFORGE-MOD]: NeoForge mod loading, version 26.3.0.41-beta, for MC 26.3
[14:37:21] [modloading-worker-0/INFO] [co.ma.hx.HxHMod/]: [HxH] Le Nen s'éveille.
[14:37:23] [Worker-Main-1/INFO] [minecraft/AdvancementTree]: Loaded 1866 advancements
[14:37:24] [main/INFO] [ne.ne.ne.co.cr.RecipePriorityManager/]: Loaded 0 recipe priority overrides
[14:37:24] [Server thread/INFO] [minecraft/LoggingLevelLoadListener]: Selecting global world spawn...
[14:37:25] [Server thread/INFO] [minecraft/LoggingLevelLoadListener]: Loading 0 persistent chunks...
[14:37:25] [Server thread/INFO] [minecraft/LoggingLevelLoadListener]: Preparing spawn area: 100%
[14:37:25] [Server thread/INFO] [minecraft/LoggingLevelLoadListener]: Time elapsed: 586 ms
[14:37:25] [Server thread/INFO] [minecraft/GameTestServer]: Started game test server
[14:37:25] [Server thread/INFO] [ne.ne.ne.se.pe.PermissionAPI/]: Successfully initialized permission handler neoforge:default_handler
[14:37:25] [Server thread/INFO] [minecraft/GameTestServer]: 1 tests are now running at position 8836291, 4, 5052778!
[14:37:25] [Server thread/INFO] [minecraft/GameTestRunner]: Running test environment 'minecraft:default' batch 0 (1 tests)...
[14:37:25] [Server thread/INFO] [minecraft/GameTestServer]: [ ]
[14:37:25] [Server thread/INFO] [minecraft/GameTestServer]: [ ]
[14:37:25] [Server thread/INFO] [minecraft/GameTestServer]: [ ]
[14:37:25] [Server thread/INFO] [minecraft/GameTestServer]: [ ]
[14:37:25] [Server thread/INFO] [minecraft/GameTestServer]: [ ]
[14:37:25] [Server thread/INFO] [minecraft/GameTestServer]: [ ]
[14:37:25] [Server thread/INFO] [minecraft/GameTestServer]: [ ]
[14:37:25] [Server thread/INFO] [minecraft/GameTestServer]: [ ]
[14:37:25] [Server thread/INFO] [minecraft/GameTestServer]: [ ]
[14:37:25] [Server thread/INFO] [minecraft/GameTestServer]: [ ]
[14:37:25] [Server thread/INFO] [minecraft/GameTestServer]: [ ]
[14:37:25] [Server thread/INFO] [minecraft/GameTestServer]: [ ]
[14:37:25] [Server thread/INFO] [minecraft/GameTestServer]: [ ]
[14:37:25] [Server thread/INFO] [minecraft/GameTestServer]: [ ]
[14:37:25] [Server thread/INFO] [minecraft/GameTestServer]: [ ]
[14:37:25] [Server thread/INFO] [minecraft/GameTestServer]: [ ]
[14:37:25] [Server thread/INFO] [minecraft/GameTestServer]: [ ]
[14:37:25] [Server thread/INFO] [minecraft/GameTestServer]: [ ]
[14:37:25] [Server thread/INFO] [minecraft/GameTestServer]: [ ]
[14:37:25] [Server thread/INFO] [minecraft/GameTestServer]: [ ]
[14:37:25] [Server thread/INFO] [minecraft/GameTestServer]: [ ]
[14:37:25] [Server thread/INFO] [minecraft/GameTestServer]: [ ]
[14:37:25] [Server thread/INFO] [minecraft/GameTestServer]: [ ]
[14:37:25] [Server thread/INFO] [minecraft/GameTestServer]: [ ]
[14:37:25] [Server thread/INFO] [minecraft/GameTestServer]: [ ]
[14:37:25] [Server thread/INFO] [minecraft/GameTestServer]: [ ]
[14:37:25] [Server thread/INFO] [minecraft/GameTestServer]: [ ]
[14:37:25] [Server thread/INFO] [minecraft/GameTestServer]: [ ]
[14:37:25] [Server thread/INFO] [minecraft/GameTestServer]: [ ]
[14:37:25] [Server thread/INFO] [minecraft/GameTestServer]: [ ]
[14:37:26] [Server thread/INFO] [minecraft/GameTestServer]: [ ]
[14:37:26] [Server thread/INFO] [minecraft/GameTestServer]: [ ]
[14:37:26] [Server thread/INFO] [minecraft/GameTestServer]: [ ]
[14:37:26] [Server thread/INFO] [minecraft/GameTestServer]: [ ]
[14:37:26] [Server thread/INFO] [minecraft/GameTestServer]: [ ]
[14:37:26] [Server thread/INFO] [minecraft/GameTestServer]: [+]
[14:37:26] [Server thread/INFO] [minecraft/GameTestServer]: ========= 1 GAME TESTS COMPLETE IN 894.3 ms ======================
[14:37:26] [Server thread/INFO] [minecraft/GameTestServer]: All 1 required tests passed :)
[14:37:26] [Server thread/INFO] [minecraft/GameTestServer]: ====================================================
[14:37:26] [Server thread/INFO] [minecraft/MinecraftServer]: Stopping server
[14:37:26] [Server thread/INFO] [minecraft/MinecraftServer]: Saving players
[14:37:26] [Server thread/INFO] [minecraft/MinecraftServer]: Saving worlds
[14:37:26] [Server thread/INFO] [minecraft/MinecraftServer]: Saving chunks for level 'ServerLevel[Test Level]'/minecraft:overworld
[14:37:27] [Server thread/INFO] [minecraft/MinecraftServer]: Saving chunks for level 'ServerLevel[Test Level]'/minecraft:the_nether
[14:37:27] [Server thread/INFO] [minecraft/MinecraftServer]: Saving chunks for level 'ServerLevel[Test Level]'/minecraft:the_end
[14:37:27] [Server thread/INFO] [minecraft/GameTestServer]: Game test server shutting down
gradle/actions: Writing build results to /home/runner/work/_temp/.gradle-actions/build-results/worldtest-1790951828781.json

BUILD SUCCESSFUL in 22s
6 actionable tasks: 3 executed, 3 up-to-date
Consider enabling configuration cache to speed up this build: https://docs.gradle.org/9.8.0/userguide/configuration_cache_enabling.html
